[2026-05-31 21:48:10][2831a3eb][s42] INFO - Starting experiment: perm_mnist_finetune_s42
[2026-05-31 21:48:10][2831a3eb][s42] INFO - Tasks: 10, Epochs/task: 5
[2026-05-31 21:48:10][2831a3eb][s42] INFO - Model parameters: 478,410
[2026-05-31 21:48:10][2831a3eb][s42] INFO - ============================================================
[2026-05-31 21:48:10][2831a3eb][s42] INFO - Task 0/9
[2026-05-31 21:48:10][2831a3eb][s42] INFO - ============================================================
[2026-05-31 21:48:18][2831a3eb][s42] INFO -   Epoch 1/5, Batch 50/469, Loss: 1.4660
[2026-05-31 21:48:19][2831a3eb][s42] INFO -   Epoch 1/5, Batch 100/469, Loss: 0.9513
[2026-05-31 21:48:19][2831a3eb][s42] INFO -   Epoch 1/5, Batch 150/469, Loss: 0.7554
[2026-05-31 21:48:20][2831a3eb][s42] INFO -   Epoch 1/5, Batch 200/469, Loss: 0.6452
[2026-05-31 21:48:21][2831a3eb][s42] INFO -   Epoch 1/5, Batch 250/469, Loss: 0.5684
[2026-05-31 21:48:21][2831a3eb][s42] INFO -   Epoch 1/5, Batch 300/469, Loss: 0.5176
[2026-05-31 21:48:22][2831a3eb][s42] INFO -   Epoch 1/5, Batch 350/469, Loss: 0.4755
[2026-05-31 21:48:23][2831a3eb][s42] INFO -   Epoch 1/5, Batch 400/469, Loss: 0.4411
[2026-05-31 21:48:23][2831a3eb][s42] INFO -   Epoch 1/5, Batch 450/469, Loss: 0.4146
[2026-05-31 21:48:25][2831a3eb][s42] INFO -   Epoch 1/5 complete, Avg Loss: 0.4061
[2026-05-31 21:48:30][2831a3eb][s42] INFO -   Epoch 2/5, Batch 50/469, Loss: 0.1754
[2026-05-31 21:48:30][2831a3eb][s42] INFO -   Epoch 2/5, Batch 100/469, Loss: 0.1706
[2026-05-31 21:48:31][2831a3eb][s42] INFO -   Epoch 2/5, Batch 150/469, Loss: 0.1662
[2026-05-31 21:48:32][2831a3eb][s42] INFO -   Epoch 2/5, Batch 200/469, Loss: 0.1626
[2026-05-31 21:48:32][2831a3eb][s42] INFO -   Epoch 2/5, Batch 250/469, Loss: 0.1597
[2026-05-31 21:48:33][2831a3eb][s42] INFO -   Epoch 2/5, Batch 300/469, Loss: 0.1553
[2026-05-31 21:48:33][2831a3eb][s42] INFO -   Epoch 2/5, Batch 350/469, Loss: 0.1528
[2026-05-31 21:48:34][2831a3eb][s42] INFO -   Epoch 2/5, Batch 400/469, Loss: 0.1482
[2026-05-31 21:48:35][2831a3eb][s42] INFO -   Epoch 2/5, Batch 450/469, Loss: 0.1444
[2026-05-31 21:48:36][2831a3eb][s42] INFO -   Epoch 2/5 complete, Avg Loss: 0.1433
[2026-05-31 21:48:41][2831a3eb][s42] INFO -   Epoch 3/5, Batch 50/469, Loss: 0.1104
[2026-05-31 21:48:42][2831a3eb][s42] INFO -   Epoch 3/5, Batch 100/469, Loss: 0.1058
[2026-05-31 21:48:42][2831a3eb][s42] INFO -   Epoch 3/5, Batch 150/469, Loss: 0.1028
[2026-05-31 21:48:43][2831a3eb][s42] INFO -   Epoch 3/5, Batch 200/469, Loss: 0.1024
[2026-05-31 21:48:44][2831a3eb][s42] INFO -   Epoch 3/5, Batch 250/469, Loss: 0.1001
[2026-05-31 21:48:44][2831a3eb][s42] INFO -   Epoch 3/5, Batch 300/469, Loss: 0.1004
[2026-05-31 21:48:45][2831a3eb][s42] INFO -   Epoch 3/5, Batch 350/469, Loss: 0.0991
[2026-05-31 21:48:46][2831a3eb][s42] INFO -   Epoch 3/5, Batch 400/469, Loss: 0.0981
[2026-05-31 21:48:46][2831a3eb][s42] INFO -   Epoch 3/5, Batch 450/469, Loss: 0.0966
[2026-05-31 21:48:48][2831a3eb][s42] INFO -   Epoch 3/5 complete, Avg Loss: 0.0964
[2026-05-31 21:48:53][2831a3eb][s42] INFO -   Epoch 4/5, Batch 50/469, Loss: 0.0779
[2026-05-31 21:48:54][2831a3eb][s42] INFO -   Epoch 4/5, Batch 100/469, Loss: 0.0718
[2026-05-31 21:48:54][2831a3eb][s42] INFO -   Epoch 4/5, Batch 150/469, Loss: 0.0721
[2026-05-31 21:48:55][2831a3eb][s42] INFO -   Epoch 4/5, Batch 200/469, Loss: 0.0727
[2026-05-31 21:48:55][2831a3eb][s42] INFO -   Epoch 4/5, Batch 250/469, Loss: 0.0725
[2026-05-31 21:48:56][2831a3eb][s42] INFO -   Epoch 4/5, Batch 300/469, Loss: 0.0721
[2026-05-31 21:48:56][2831a3eb][s42] INFO -   Epoch 4/5, Batch 350/469, Loss: 0.0716
[2026-05-31 21:48:57][2831a3eb][s42] INFO -   Epoch 4/5, Batch 400/469, Loss: 0.0718
[2026-05-31 21:48:57][2831a3eb][s42] INFO -   Epoch 4/5, Batch 450/469, Loss: 0.0710
[2026-05-31 21:48:58][2831a3eb][s42] INFO -   Epoch 4/5 complete, Avg Loss: 0.0710
[2026-05-31 21:49:04][2831a3eb][s42] INFO -   Epoch 5/5, Batch 50/469, Loss: 0.0570
[2026-05-31 21:49:04][2831a3eb][s42] INFO -   Epoch 5/5, Batch 100/469, Loss: 0.0568
[2026-05-31 21:49:05][2831a3eb][s42] INFO -   Epoch 5/5, Batch 150/469, Loss: 0.0556
[2026-05-31 21:49:05][2831a3eb][s42] INFO -   Epoch 5/5, Batch 200/469, Loss: 0.0555
[2026-05-31 21:49:06][2831a3eb][s42] INFO -   Epoch 5/5, Batch 250/469, Loss: 0.0554
[2026-05-31 21:49:06][2831a3eb][s42] INFO -   Epoch 5/5, Batch 300/469, Loss: 0.0548
[2026-05-31 21:49:07][2831a3eb][s42] INFO -   Epoch 5/5, Batch 350/469, Loss: 0.0543
[2026-05-31 21:49:07][2831a3eb][s42] INFO -   Epoch 5/5, Batch 400/469, Loss: 0.0539
[2026-05-31 21:49:08][2831a3eb][s42] INFO -   Epoch 5/5, Batch 450/469, Loss: 0.0544
[2026-05-31 21:49:09][2831a3eb][s42] INFO -   Epoch 5/5 complete, Avg Loss: 0.0542
[2026-05-31 21:49:09][2831a3eb][s42] INFO -   Task 0 took 58.3s
[2026-05-31 21:49:16][2831a3eb][s42] INFO -   Accuracies after task 0: T0=0.975
[2026-05-31 21:49:16][2831a3eb][s42] INFO - After task 0: ACC=0.9748, BWT=0.0000, FWT=0.0000
[2026-05-31 21:49:16][2831a3eb][s42] INFO - ============================================================
[2026-05-31 21:49:16][2831a3eb][s42] INFO - Task 1/9
[2026-05-31 21:49:16][2831a3eb][s42] INFO - ============================================================
[2026-05-31 21:49:25][2831a3eb][s42] INFO -   Epoch 1/5, Batch 50/469, Loss: 0.6444
[2026-05-31 21:49:26][2831a3eb][s42] INFO -   Epoch 1/5, Batch 100/469, Loss: 0.4572
[2026-05-31 21:49:27][2831a3eb][s42] INFO -   Epoch 1/5, Batch 150/469, Loss: 0.3791
[2026-05-31 21:49:28][2831a3eb][s42] INFO -   Epoch 1/5, Batch 200/469, Loss: 0.3325
[2026-05-31 21:49:29][2831a3eb][s42] INFO -   Epoch 1/5, Batch 250/469, Loss: 0.2980
[2026-05-31 21:49:30][2831a3eb][s42] INFO -   Epoch 1/5, Batch 300/469, Loss: 0.2752
[2026-05-31 21:49:31][2831a3eb][s42] INFO -   Epoch 1/5, Batch 350/469, Loss: 0.2552
[2026-05-31 21:49:32][2831a3eb][s42] INFO -   Epoch 1/5, Batch 400/469, Loss: 0.2392
[2026-05-31 21:49:33][2831a3eb][s42] INFO -   Epoch 1/5, Batch 450/469, Loss: 0.2269
[2026-05-31 21:49:35][2831a3eb][s42] INFO -   Epoch 1/5 complete, Avg Loss: 0.2231
[2026-05-31 21:49:44][2831a3eb][s42] INFO -   Epoch 2/5, Batch 50/469, Loss: 0.1029
[2026-05-31 21:49:45][2831a3eb][s42] INFO -   Epoch 2/5, Batch 100/469, Loss: 0.1009
[2026-05-31 21:49:46][2831a3eb][s42] INFO -   Epoch 2/5, Batch 150/469, Loss: 0.1011
[2026-05-31 21:49:47][2831a3eb][s42] INFO -   Epoch 2/5, Batch 200/469, Loss: 0.1000
[2026-05-31 21:49:48][2831a3eb][s42] INFO -   Epoch 2/5, Batch 250/469, Loss: 0.0989
[2026-05-31 21:49:49][2831a3eb][s42] INFO -   Epoch 2/5, Batch 300/469, Loss: 0.0967
[2026-05-31 21:49:50][2831a3eb][s42] INFO -   Epoch 2/5, Batch 350/469, Loss: 0.0963
[2026-05-31 21:49:50][2831a3eb][s42] INFO -   Epoch 2/5, Batch 400/469, Loss: 0.0935
[2026-05-31 21:49:51][2831a3eb][s42] INFO -   Epoch 2/5, Batch 450/469, Loss: 0.0916
[2026-05-31 21:49:53][2831a3eb][s42] INFO -   Epoch 2/5 complete, Avg Loss: 0.0914
[2026-05-31 21:50:02][2831a3eb][s42] INFO -   Epoch 3/5, Batch 50/469, Loss: 0.0672
[2026-05-31 21:50:03][2831a3eb][s42] INFO -   Epoch 3/5, Batch 100/469, Loss: 0.0648
[2026-05-31 21:50:04][2831a3eb][s42] INFO -   Epoch 3/5, Batch 150/469, Loss: 0.0628
[2026-05-31 21:50:05][2831a3eb][s42] INFO -   Epoch 3/5, Batch 200/469, Loss: 0.0633
[2026-05-31 21:50:06][2831a3eb][s42] INFO -   Epoch 3/5, Batch 250/469, Loss: 0.0626
[2026-05-31 21:50:07][2831a3eb][s42] INFO -   Epoch 3/5, Batch 300/469, Loss: 0.0638
[2026-05-31 21:50:08][2831a3eb][s42] INFO -   Epoch 3/5, Batch 350/469, Loss: 0.0637
[2026-05-31 21:50:09][2831a3eb][s42] INFO -   Epoch 3/5, Batch 400/469, Loss: 0.0633
[2026-05-31 21:50:09][2831a3eb][s42] INFO -   Epoch 3/5, Batch 450/469, Loss: 0.0625
[2026-05-31 21:50:11][2831a3eb][s42] INFO -   Epoch 3/5 complete, Avg Loss: 0.0624
[2026-05-31 21:50:18][2831a3eb][s42] INFO -   Epoch 4/5, Batch 50/469, Loss: 0.0493
[2026-05-31 21:50:18][2831a3eb][s42] INFO -   Epoch 4/5, Batch 100/469, Loss: 0.0452
[2026-05-31 21:50:19][2831a3eb][s42] INFO -   Epoch 4/5, Batch 150/469, Loss: 0.0444
[2026-05-31 21:50:20][2831a3eb][s42] INFO -   Epoch 4/5, Batch 200/469, Loss: 0.0445
[2026-05-31 21:50:20][2831a3eb][s42] INFO -   Epoch 4/5, Batch 250/469, Loss: 0.0451
[2026-05-31 21:50:21][2831a3eb][s42] INFO -   Epoch 4/5, Batch 300/469, Loss: 0.0451
[2026-05-31 21:50:22][2831a3eb][s42] INFO -   Epoch 4/5, Batch 350/469, Loss: 0.0452
[2026-05-31 21:50:22][2831a3eb][s42] INFO -   Epoch 4/5, Batch 400/469, Loss: 0.0458
[2026-05-31 21:50:23][2831a3eb][s42] INFO -   Epoch 4/5, Batch 450/469, Loss: 0.0457
[2026-05-31 21:50:24][2831a3eb][s42] INFO -   Epoch 4/5 complete, Avg Loss: 0.0459
[2026-05-31 21:50:31][2831a3eb][s42] INFO -   Epoch 5/5, Batch 50/469, Loss: 0.0354
[2026-05-31 21:50:32][2831a3eb][s42] INFO -   Epoch 5/5, Batch 100/469, Loss: 0.0333
[2026-05-31 21:50:33][2831a3eb][s42] INFO -   Epoch 5/5, Batch 150/469, Loss: 0.0331
[2026-05-31 21:50:33][2831a3eb][s42] INFO -   Epoch 5/5, Batch 200/469, Loss: 0.0336
[2026-05-31 21:50:34][2831a3eb][s42] INFO -   Epoch 5/5, Batch 250/469, Loss: 0.0341
[2026-05-31 21:50:34][2831a3eb][s42] INFO -   Epoch 5/5, Batch 300/469, Loss: 0.0339
[2026-05-31 21:50:35][2831a3eb][s42] INFO -   Epoch 5/5, Batch 350/469, Loss: 0.0336
[2026-05-31 21:50:36][2831a3eb][s42] INFO -   Epoch 5/5, Batch 400/469, Loss: 0.0333
[2026-05-31 21:50:36][2831a3eb][s42] INFO -   Epoch 5/5, Batch 450/469, Loss: 0.0339
[2026-05-31 21:50:38][2831a3eb][s42] INFO -   Epoch 5/5 complete, Avg Loss: 0.0339
[2026-05-31 21:50:38][2831a3eb][s42] INFO -   Task 1 took 81.2s
[2026-05-31 21:50:53][2831a3eb][s42] INFO -   Accuracies after task 1: T0=0.859, T1=0.977
[2026-05-31 21:50:53][2831a3eb][s42] INFO - After task 1: ACC=0.9182, BWT=-0.1156, FWT=0.0000
[2026-05-31 21:50:53][2831a3eb][s42] INFO - ============================================================
[2026-05-31 21:50:53][2831a3eb][s42] INFO - Task 2/9
[2026-05-31 21:50:53][2831a3eb][s42] INFO - ============================================================
[2026-05-31 21:50:59][2831a3eb][s42] INFO -   Epoch 1/5, Batch 50/469, Loss: 0.6449
[2026-05-31 21:51:00][2831a3eb][s42] INFO -   Epoch 1/5, Batch 100/469, Loss: 0.4519
[2026-05-31 21:51:01][2831a3eb][s42] INFO -   Epoch 1/5, Batch 150/469, Loss: 0.3722
[2026-05-31 21:51:02][2831a3eb][s42] INFO -   Epoch 1/5, Batch 200/469, Loss: 0.3235
[2026-05-31 21:51:02][2831a3eb][s42] INFO -   Epoch 1/5, Batch 250/469, Loss: 0.2892
[2026-05-31 21:51:03][2831a3eb][s42] INFO -   Epoch 1/5, Batch 300/469, Loss: 0.2660
[2026-05-31 21:51:04][2831a3eb][s42] INFO -   Epoch 1/5, Batch 350/469, Loss: 0.2453
[2026-05-31 21:51:05][2831a3eb][s42] INFO -   Epoch 1/5, Batch 400/469, Loss: 0.2293
[2026-05-31 21:51:06][2831a3eb][s42] INFO -   Epoch 1/5, Batch 450/469, Loss: 0.2171
[2026-05-31 21:51:08][2831a3eb][s42] INFO -   Epoch 1/5 complete, Avg Loss: 0.2135
[2026-05-31 21:51:16][2831a3eb][s42] INFO -   Epoch 2/5, Batch 50/469, Loss: 0.0935
[2026-05-31 21:51:17][2831a3eb][s42] INFO -   Epoch 2/5, Batch 100/469, Loss: 0.0901
[2026-05-31 21:51:18][2831a3eb][s42] INFO -   Epoch 2/5, Batch 150/469, Loss: 0.0897
[2026-05-31 21:51:19][2831a3eb][s42] INFO -   Epoch 2/5, Batch 200/469, Loss: 0.0895
[2026-05-31 21:51:20][2831a3eb][s42] INFO -   Epoch 2/5, Batch 250/469, Loss: 0.0892
[2026-05-31 21:51:21][2831a3eb][s42] INFO -   Epoch 2/5, Batch 300/469, Loss: 0.0879
[2026-05-31 21:51:22][2831a3eb][s42] INFO -   Epoch 2/5, Batch 350/469, Loss: 0.0879
[2026-05-31 21:51:23][2831a3eb][s42] INFO -   Epoch 2/5, Batch 400/469, Loss: 0.0856
[2026-05-31 21:51:24][2831a3eb][s42] INFO -   Epoch 2/5, Batch 450/469, Loss: 0.0839
[2026-05-31 21:51:26][2831a3eb][s42] INFO -   Epoch 2/5 complete, Avg Loss: 0.0835
[2026-05-31 21:51:34][2831a3eb][s42] INFO -   Epoch 3/5, Batch 50/469, Loss: 0.0589
[2026-05-31 21:51:35][2831a3eb][s42] INFO -   Epoch 3/5, Batch 100/469, Loss: 0.0586
[2026-05-31 21:51:36][2831a3eb][s42] INFO -   Epoch 3/5, Batch 150/469, Loss: 0.0566
[2026-05-31 21:51:37][2831a3eb][s42] INFO -   Epoch 3/5, Batch 200/469, Loss: 0.0571
[2026-05-31 21:51:38][2831a3eb][s42] INFO -   Epoch 3/5, Batch 250/469, Loss: 0.0562
[2026-05-31 21:51:39][2831a3eb][s42] INFO -   Epoch 3/5, Batch 300/469, Loss: 0.0575
[2026-05-31 21:51:40][2831a3eb][s42] INFO -   Epoch 3/5, Batch 350/469, Loss: 0.0574
[2026-05-31 21:51:40][2831a3eb][s42] INFO -   Epoch 3/5, Batch 400/469, Loss: 0.0569
[2026-05-31 21:51:41][2831a3eb][s42] INFO -   Epoch 3/5, Batch 450/469, Loss: 0.0563
[2026-05-31 21:51:43][2831a3eb][s42] INFO -   Epoch 3/5 complete, Avg Loss: 0.0562
[2026-05-31 21:51:50][2831a3eb][s42] INFO -   Epoch 4/5, Batch 50/469, Loss: 0.0447
[2026-05-31 21:51:51][2831a3eb][s42] INFO -   Epoch 4/5, Batch 100/469, Loss: 0.0388
[2026-05-31 21:51:52][2831a3eb][s42] INFO -   Epoch 4/5, Batch 150/469, Loss: 0.0389
[2026-05-31 21:51:53][2831a3eb][s42] INFO -   Epoch 4/5, Batch 200/469, Loss: 0.0391
[2026-05-31 21:51:54][2831a3eb][s42] INFO -   Epoch 4/5, Batch 250/469, Loss: 0.0398
[2026-05-31 21:51:54][2831a3eb][s42] INFO -   Epoch 4/5, Batch 300/469, Loss: 0.0397
[2026-05-31 21:51:56][2831a3eb][s42] INFO -   Epoch 4/5, Batch 350/469, Loss: 0.0398
[2026-05-31 21:51:57][2831a3eb][s42] INFO -   Epoch 4/5, Batch 400/469, Loss: 0.0402
[2026-05-31 21:51:58][2831a3eb][s42] INFO -   Epoch 4/5, Batch 450/469, Loss: 0.0403
[2026-05-31 21:51:59][2831a3eb][s42] INFO -   Epoch 4/5 complete, Avg Loss: 0.0404
[2026-05-31 21:52:07][2831a3eb][s42] INFO -   Epoch 5/5, Batch 50/469, Loss: 0.0317
[2026-05-31 21:52:08][2831a3eb][s42] INFO -   Epoch 5/5, Batch 100/469, Loss: 0.0298
[2026-05-31 21:52:09][2831a3eb][s42] INFO -   Epoch 5/5, Batch 150/469, Loss: 0.0292
[2026-05-31 21:52:10][2831a3eb][s42] INFO -   Epoch 5/5, Batch 200/469, Loss: 0.0291
[2026-05-31 21:52:11][2831a3eb][s42] INFO -   Epoch 5/5, Batch 250/469, Loss: 0.0296
[2026-05-31 21:52:12][2831a3eb][s42] INFO -   Epoch 5/5, Batch 300/469, Loss: 0.0294
[2026-05-31 21:52:13][2831a3eb][s42] INFO -   Epoch 5/5, Batch 350/469, Loss: 0.0292
[2026-05-31 21:52:14][2831a3eb][s42] INFO -   Epoch 5/5, Batch 400/469, Loss: 0.0290
[2026-05-31 21:52:15][2831a3eb][s42] INFO -   Epoch 5/5, Batch 450/469, Loss: 0.0295
[2026-05-31 21:52:16][2831a3eb][s42] INFO -   Epoch 5/5 complete, Avg Loss: 0.0294
[2026-05-31 21:52:16][2831a3eb][s42] INFO -   Task 2 took 83.8s
[2026-05-31 21:52:44][2831a3eb][s42] INFO -   Accuracies after task 2: T0=0.811, T1=0.947, T2=0.979
[2026-05-31 21:52:44][2831a3eb][s42] INFO - After task 2: ACC=0.9126, BWT=-0.0967, FWT=0.0000
[2026-05-31 21:52:44][2831a3eb][s42] INFO - ============================================================
[2026-05-31 21:52:44][2831a3eb][s42] INFO - Task 3/9
[2026-05-31 21:52:44][2831a3eb][s42] INFO - ============================================================
[2026-05-31 21:52:52][2831a3eb][s42] INFO -   Epoch 1/5, Batch 50/469, Loss: 0.7657
[2026-05-31 21:52:53][2831a3eb][s42] INFO -   Epoch 1/5, Batch 100/469, Loss: 0.5075
[2026-05-31 21:52:54][2831a3eb][s42] INFO -   Epoch 1/5, Batch 150/469, Loss: 0.4079
[2026-05-31 21:52:55][2831a3eb][s42] INFO -   Epoch 1/5, Batch 200/469, Loss: 0.3504
[2026-05-31 21:52:56][2831a3eb][s42] INFO -   Epoch 1/5, Batch 250/469, Loss: 0.3105
[2026-05-31 21:52:57][2831a3eb][s42] INFO -   Epoch 1/5, Batch 300/469, Loss: 0.2840
[2026-05-31 21:52:58][2831a3eb][s42] INFO -   Epoch 1/5, Batch 350/469, Loss: 0.2618
[2026-05-31 21:52:58][2831a3eb][s42] INFO -   Epoch 1/5, Batch 400/469, Loss: 0.2434
[2026-05-31 21:52:59][2831a3eb][s42] INFO -   Epoch 1/5, Batch 450/469, Loss: 0.2298
[2026-05-31 21:53:01][2831a3eb][s42] INFO -   Epoch 1/5 complete, Avg Loss: 0.2254
[2026-05-31 21:53:08][2831a3eb][s42] INFO -   Epoch 2/5, Batch 50/469, Loss: 0.0902
[2026-05-31 21:53:09][2831a3eb][s42] INFO -   Epoch 2/5, Batch 100/469, Loss: 0.0891
[2026-05-31 21:53:10][2831a3eb][s42] INFO -   Epoch 2/5, Batch 150/469, Loss: 0.0887
[2026-05-31 21:53:11][2831a3eb][s42] INFO -   Epoch 2/5, Batch 200/469, Loss: 0.0889
[2026-05-31 21:53:12][2831a3eb][s42] INFO -   Epoch 2/5, Batch 250/469, Loss: 0.0882
[2026-05-31 21:53:13][2831a3eb][s42] INFO -   Epoch 2/5, Batch 300/469, Loss: 0.0860
[2026-05-31 21:53:14][2831a3eb][s42] INFO -   Epoch 2/5, Batch 350/469, Loss: 0.0854
[2026-05-31 21:53:15][2831a3eb][s42] INFO -   Epoch 2/5, Batch 400/469, Loss: 0.0830
[2026-05-31 21:53:16][2831a3eb][s42] INFO -   Epoch 2/5, Batch 450/469, Loss: 0.0816
[2026-05-31 21:53:17][2831a3eb][s42] INFO -   Epoch 2/5 complete, Avg Loss: 0.0814
[2026-05-31 21:53:23][2831a3eb][s42] INFO -   Epoch 3/5, Batch 50/469, Loss: 0.0561
[2026-05-31 21:53:24][2831a3eb][s42] INFO -   Epoch 3/5, Batch 100/469, Loss: 0.0560
[2026-05-31 21:53:25][2831a3eb][s42] INFO -   Epoch 3/5, Batch 150/469, Loss: 0.0548
[2026-05-31 21:53:25][2831a3eb][s42] INFO -   Epoch 3/5, Batch 200/469, Loss: 0.0561
[2026-05-31 21:53:26][2831a3eb][s42] INFO -   Epoch 3/5, Batch 250/469, Loss: 0.0559
[2026-05-31 21:53:26][2831a3eb][s42] INFO -   Epoch 3/5, Batch 300/469, Loss: 0.0567
[2026-05-31 21:53:27][2831a3eb][s42] INFO -   Epoch 3/5, Batch 350/469, Loss: 0.0560
[2026-05-31 21:53:28][2831a3eb][s42] INFO -   Epoch 3/5, Batch 400/469, Loss: 0.0553
[2026-05-31 21:53:28][2831a3eb][s42] INFO -   Epoch 3/5, Batch 450/469, Loss: 0.0545
[2026-05-31 21:53:29][2831a3eb][s42] INFO -   Epoch 3/5 complete, Avg Loss: 0.0544
[2026-05-31 21:53:37][2831a3eb][s42] INFO -   Epoch 4/5, Batch 50/469, Loss: 0.0447
[2026-05-31 21:53:38][2831a3eb][s42] INFO -   Epoch 4/5, Batch 100/469, Loss: 0.0379
[2026-05-31 21:53:39][2831a3eb][s42] INFO -   Epoch 4/5, Batch 150/469, Loss: 0.0382
[2026-05-31 21:53:40][2831a3eb][s42] INFO -   Epoch 4/5, Batch 200/469, Loss: 0.0383
[2026-05-31 21:53:40][2831a3eb][s42] INFO -   Epoch 4/5, Batch 250/469, Loss: 0.0392
[2026-05-31 21:53:41][2831a3eb][s42] INFO -   Epoch 4/5, Batch 300/469, Loss: 0.0392
[2026-05-31 21:53:42][2831a3eb][s42] INFO -   Epoch 4/5, Batch 350/469, Loss: 0.0389
[2026-05-31 21:53:42][2831a3eb][s42] INFO -   Epoch 4/5, Batch 400/469, Loss: 0.0396
[2026-05-31 21:53:43][2831a3eb][s42] INFO -   Epoch 4/5, Batch 450/469, Loss: 0.0397
[2026-05-31 21:53:44][2831a3eb][s42] INFO -   Epoch 4/5 complete, Avg Loss: 0.0398
[2026-05-31 21:53:49][2831a3eb][s42] INFO -   Epoch 5/5, Batch 50/469, Loss: 0.0293
[2026-05-31 21:53:49][2831a3eb][s42] INFO -   Epoch 5/5, Batch 100/469, Loss: 0.0289
[2026-05-31 21:53:50][2831a3eb][s42] INFO -   Epoch 5/5, Batch 150/469, Loss: 0.0285
[2026-05-31 21:53:51][2831a3eb][s42] INFO -   Epoch 5/5, Batch 200/469, Loss: 0.0288
[2026-05-31 21:53:51][2831a3eb][s42] INFO -   Epoch 5/5, Batch 250/469, Loss: 0.0290
[2026-05-31 21:53:52][2831a3eb][s42] INFO -   Epoch 5/5, Batch 300/469, Loss: 0.0290
[2026-05-31 21:53:53][2831a3eb][s42] INFO -   Epoch 5/5, Batch 350/469, Loss: 0.0286
[2026-05-31 21:53:53][2831a3eb][s42] INFO -   Epoch 5/5, Batch 400/469, Loss: 0.0285
[2026-05-31 21:53:54][2831a3eb][s42] INFO -   Epoch 5/5, Batch 450/469, Loss: 0.0287
[2026-05-31 21:53:55][2831a3eb][s42] INFO -   Epoch 5/5 complete, Avg Loss: 0.0284
[2026-05-31 21:53:55][2831a3eb][s42] INFO -   Task 3 took 71.1s
[2026-05-31 21:54:23][2831a3eb][s42] INFO -   Accuracies after task 3: T0=0.665, T1=0.927, T2=0.938, T3=0.978
[2026-05-31 21:54:23][2831a3eb][s42] INFO - After task 3: ACC=0.8769, BWT=-0.1338, FWT=0.0000
[2026-05-31 21:54:23][2831a3eb][s42] INFO - ============================================================
[2026-05-31 21:54:23][2831a3eb][s42] INFO - Task 4/9
[2026-05-31 21:54:23][2831a3eb][s42] INFO - ============================================================
[2026-05-31 21:54:28][2831a3eb][s42] INFO -   Epoch 1/5, Batch 50/469, Loss: 0.7665
[2026-05-31 21:54:29][2831a3eb][s42] INFO -   Epoch 1/5, Batch 100/469, Loss: 0.5141
[2026-05-31 21:54:29][2831a3eb][s42] INFO -   Epoch 1/5, Batch 150/469, Loss: 0.4131
[2026-05-31 21:54:30][2831a3eb][s42] INFO -   Epoch 1/5, Batch 200/469, Loss: 0.3546
[2026-05-31 21:54:31][2831a3eb][s42] INFO -   Epoch 1/5, Batch 250/469, Loss: 0.3138
[2026-05-31 21:54:31][2831a3eb][s42] INFO -   Epoch 1/5, Batch 300/469, Loss: 0.2871
[2026-05-31 21:54:32][2831a3eb][s42] INFO -   Epoch 1/5, Batch 350/469, Loss: 0.2651
[2026-05-31 21:54:32][2831a3eb][s42] INFO -   Epoch 1/5, Batch 400/469, Loss: 0.2466
[2026-05-31 21:54:33][2831a3eb][s42] INFO -   Epoch 1/5, Batch 450/469, Loss: 0.2331
[2026-05-31 21:54:34][2831a3eb][s42] INFO -   Epoch 1/5 complete, Avg Loss: 0.2290
[2026-05-31 21:54:42][2831a3eb][s42] INFO -   Epoch 2/5, Batch 50/469, Loss: 0.0951
[2026-05-31 21:54:43][2831a3eb][s42] INFO -   Epoch 2/5, Batch 100/469, Loss: 0.0925
[2026-05-31 21:54:43][2831a3eb][s42] INFO -   Epoch 2/5, Batch 150/469, Loss: 0.0912
[2026-05-31 21:54:44][2831a3eb][s42] INFO -   Epoch 2/5, Batch 200/469, Loss: 0.0903
[2026-05-31 21:54:45][2831a3eb][s42] INFO -   Epoch 2/5, Batch 250/469, Loss: 0.0903
[2026-05-31 21:54:45][2831a3eb][s42] INFO -   Epoch 2/5, Batch 300/469, Loss: 0.0884
[2026-05-31 21:54:46][2831a3eb][s42] INFO -   Epoch 2/5, Batch 350/469, Loss: 0.0879
[2026-05-31 21:54:46][2831a3eb][s42] INFO -   Epoch 2/5, Batch 400/469, Loss: 0.0857
[2026-05-31 21:54:47][2831a3eb][s42] INFO -   Epoch 2/5, Batch 450/469, Loss: 0.0842
[2026-05-31 21:54:48][2831a3eb][s42] INFO -   Epoch 2/5 complete, Avg Loss: 0.0841
[2026-05-31 21:54:53][2831a3eb][s42] INFO -   Epoch 3/5, Batch 50/469, Loss: 0.0602
[2026-05-31 21:54:54][2831a3eb][s42] INFO -   Epoch 3/5, Batch 100/469, Loss: 0.0592
[2026-05-31 21:54:55][2831a3eb][s42] INFO -   Epoch 3/5, Batch 150/469, Loss: 0.0574
[2026-05-31 21:54:55][2831a3eb][s42] INFO -   Epoch 3/5, Batch 200/469, Loss: 0.0573
[2026-05-31 21:54:56][2831a3eb][s42] INFO -   Epoch 3/5, Batch 250/469, Loss: 0.0571
[2026-05-31 21:54:56][2831a3eb][s42] INFO -   Epoch 3/5, Batch 300/469, Loss: 0.0584
[2026-05-31 21:54:57][2831a3eb][s42] INFO -   Epoch 3/5, Batch 350/469, Loss: 0.0581
[2026-05-31 21:54:58][2831a3eb][s42] INFO -   Epoch 3/5, Batch 400/469, Loss: 0.0575
[2026-05-31 21:54:58][2831a3eb][s42] INFO -   Epoch 3/5, Batch 450/469, Loss: 0.0570
[2026-05-31 21:55:00][2831a3eb][s42] INFO -   Epoch 3/5 complete, Avg Loss: 0.0568
[2026-05-31 21:55:05][2831a3eb][s42] INFO -   Epoch 4/5, Batch 50/469, Loss: 0.0435
[2026-05-31 21:55:05][2831a3eb][s42] INFO -   Epoch 4/5, Batch 100/469, Loss: 0.0386
[2026-05-31 21:55:06][2831a3eb][s42] INFO -   Epoch 4/5, Batch 150/469, Loss: 0.0388
[2026-05-31 21:55:07][2831a3eb][s42] INFO -   Epoch 4/5, Batch 200/469, Loss: 0.0389
[2026-05-31 21:55:08][2831a3eb][s42] INFO -   Epoch 4/5, Batch 250/469, Loss: 0.0393
[2026-05-31 21:55:09][2831a3eb][s42] INFO -   Epoch 4/5, Batch 300/469, Loss: 0.0392
[2026-05-31 21:55:09][2831a3eb][s42] INFO -   Epoch 4/5, Batch 350/469, Loss: 0.0395
[2026-05-31 21:55:10][2831a3eb][s42] INFO -   Epoch 4/5, Batch 400/469, Loss: 0.0401
[2026-05-31 21:55:11][2831a3eb][s42] INFO -   Epoch 4/5, Batch 450/469, Loss: 0.0401
[2026-05-31 21:55:12][2831a3eb][s42] INFO -   Epoch 4/5 complete, Avg Loss: 0.0404
[2026-05-31 21:55:21][2831a3eb][s42] INFO -   Epoch 5/5, Batch 50/469, Loss: 0.0296
[2026-05-31 21:55:21][2831a3eb][s42] INFO -   Epoch 5/5, Batch 100/469, Loss: 0.0297
[2026-05-31 21:55:22][2831a3eb][s42] INFO -   Epoch 5/5, Batch 150/469, Loss: 0.0294
[2026-05-31 21:55:23][2831a3eb][s42] INFO -   Epoch 5/5, Batch 200/469, Loss: 0.0297
[2026-05-31 21:55:23][2831a3eb][s42] INFO -   Epoch 5/5, Batch 250/469, Loss: 0.0295
[2026-05-31 21:55:24][2831a3eb][s42] INFO -   Epoch 5/5, Batch 300/469, Loss: 0.0297
[2026-05-31 21:55:25][2831a3eb][s42] INFO -   Epoch 5/5, Batch 350/469, Loss: 0.0292
[2026-05-31 21:55:25][2831a3eb][s42] INFO -   Epoch 5/5, Batch 400/469, Loss: 0.0292
[2026-05-31 21:55:26][2831a3eb][s42] INFO -   Epoch 5/5, Batch 450/469, Loss: 0.0296
[2026-05-31 21:55:27][2831a3eb][s42] INFO -   Epoch 5/5 complete, Avg Loss: 0.0294
[2026-05-31 21:55:27][2831a3eb][s42] INFO -   Task 4 took 64.7s
[2026-05-31 21:56:08][2831a3eb][s42] INFO -   Accuracies after task 4: T0=0.579, T1=0.864, T2=0.902, T3=0.943, T4=0.976
[2026-05-31 21:56:08][2831a3eb][s42] INFO - After task 4: ACC=0.8528, BWT=-0.1552, FWT=0.0000
[2026-05-31 21:56:08][2831a3eb][s42] INFO - ============================================================
[2026-05-31 21:56:08][2831a3eb][s42] INFO - Task 5/9
[2026-05-31 21:56:08][2831a3eb][s42] INFO - ============================================================
[2026-05-31 21:56:16][2831a3eb][s42] INFO -   Epoch 1/5, Batch 50/469, Loss: 0.8120
[2026-05-31 21:56:17][2831a3eb][s42] INFO -   Epoch 1/5, Batch 100/469, Loss: 0.5399
[2026-05-31 21:56:19][2831a3eb][s42] INFO -   Epoch 1/5, Batch 150/469, Loss: 0.4361
[2026-05-31 21:56:20][2831a3eb][s42] INFO -   Epoch 1/5, Batch 200/469, Loss: 0.3744
[2026-05-31 21:56:21][2831a3eb][s42] INFO -   Epoch 1/5, Batch 250/469, Loss: 0.3316
[2026-05-31 21:56:21][2831a3eb][s42] INFO -   Epoch 1/5, Batch 300/469, Loss: 0.3019
[2026-05-31 21:56:22][2831a3eb][s42] INFO -   Epoch 1/5, Batch 350/469, Loss: 0.2774
[2026-05-31 21:56:23][2831a3eb][s42] INFO -   Epoch 1/5, Batch 400/469, Loss: 0.2573
[2026-05-31 21:56:24][2831a3eb][s42] INFO -   Epoch 1/5, Batch 450/469, Loss: 0.2423
[2026-05-31 21:56:26][2831a3eb][s42] INFO -   Epoch 1/5 complete, Avg Loss: 0.2378
[2026-05-31 21:56:34][2831a3eb][s42] INFO -   Epoch 2/5, Batch 50/469, Loss: 0.0953
[2026-05-31 21:56:35][2831a3eb][s42] INFO -   Epoch 2/5, Batch 100/469, Loss: 0.0930
[2026-05-31 21:56:36][2831a3eb][s42] INFO -   Epoch 2/5, Batch 150/469, Loss: 0.0930
[2026-05-31 21:56:37][2831a3eb][s42] INFO -   Epoch 2/5, Batch 200/469, Loss: 0.0926
[2026-05-31 21:56:38][2831a3eb][s42] INFO -   Epoch 2/5, Batch 250/469, Loss: 0.0921
[2026-05-31 21:56:39][2831a3eb][s42] INFO -   Epoch 2/5, Batch 300/469, Loss: 0.0905
[2026-05-31 21:56:40][2831a3eb][s42] INFO -   Epoch 2/5, Batch 350/469, Loss: 0.0898
[2026-05-31 21:56:42][2831a3eb][s42] INFO -   Epoch 2/5, Batch 400/469, Loss: 0.0873
[2026-05-31 21:56:43][2831a3eb][s42] INFO -   Epoch 2/5, Batch 450/469, Loss: 0.0853
[2026-05-31 21:56:44][2831a3eb][s42] INFO -   Epoch 2/5 complete, Avg Loss: 0.0850
[2026-05-31 21:56:52][2831a3eb][s42] INFO -   Epoch 3/5, Batch 50/469, Loss: 0.0599
[2026-05-31 21:56:53][2831a3eb][s42] INFO -   Epoch 3/5, Batch 100/469, Loss: 0.0601
[2026-05-31 21:56:53][2831a3eb][s42] INFO -   Epoch 3/5, Batch 150/469, Loss: 0.0577
[2026-05-31 21:56:54][2831a3eb][s42] INFO -   Epoch 3/5, Batch 200/469, Loss: 0.0581
[2026-05-31 21:56:55][2831a3eb][s42] INFO -   Epoch 3/5, Batch 250/469, Loss: 0.0571
[2026-05-31 21:56:56][2831a3eb][s42] INFO -   Epoch 3/5, Batch 300/469, Loss: 0.0578
[2026-05-31 21:56:57][2831a3eb][s42] INFO -   Epoch 3/5, Batch 350/469, Loss: 0.0577
[2026-05-31 21:56:57][2831a3eb][s42] INFO -   Epoch 3/5, Batch 400/469, Loss: 0.0574
[2026-05-31 21:56:58][2831a3eb][s42] INFO -   Epoch 3/5, Batch 450/469, Loss: 0.0569
[2026-05-31 21:57:00][2831a3eb][s42] INFO -   Epoch 3/5 complete, Avg Loss: 0.0568
[2026-05-31 21:57:09][2831a3eb][s42] INFO -   Epoch 4/5, Batch 50/469, Loss: 0.0458
[2026-05-31 21:57:10][2831a3eb][s42] INFO -   Epoch 4/5, Batch 100/469, Loss: 0.0408
[2026-05-31 21:57:11][2831a3eb][s42] INFO -   Epoch 4/5, Batch 150/469, Loss: 0.0399
[2026-05-31 21:57:11][2831a3eb][s42] INFO -   Epoch 4/5, Batch 200/469, Loss: 0.0402
[2026-05-31 21:57:13][2831a3eb][s42] INFO -   Epoch 4/5, Batch 250/469, Loss: 0.0408
[2026-05-31 21:57:13][2831a3eb][s42] INFO -   Epoch 4/5, Batch 300/469, Loss: 0.0406
[2026-05-31 21:57:14][2831a3eb][s42] INFO -   Epoch 4/5, Batch 350/469, Loss: 0.0410
[2026-05-31 21:57:15][2831a3eb][s42] INFO -   Epoch 4/5, Batch 400/469, Loss: 0.0415
[2026-05-31 21:57:16][2831a3eb][s42] INFO -   Epoch 4/5, Batch 450/469, Loss: 0.0412
[2026-05-31 21:57:18][2831a3eb][s42] INFO -   Epoch 4/5 complete, Avg Loss: 0.0415
[2026-05-31 21:57:25][2831a3eb][s42] INFO -   Epoch 5/5, Batch 50/469, Loss: 0.0310
[2026-05-31 21:57:26][2831a3eb][s42] INFO -   Epoch 5/5, Batch 100/469, Loss: 0.0308
[2026-05-31 21:57:27][2831a3eb][s42] INFO -   Epoch 5/5, Batch 150/469, Loss: 0.0306
[2026-05-31 21:57:28][2831a3eb][s42] INFO -   Epoch 5/5, Batch 200/469, Loss: 0.0304
[2026-05-31 21:57:29][2831a3eb][s42] INFO -   Epoch 5/5, Batch 250/469, Loss: 0.0308
[2026-05-31 21:57:30][2831a3eb][s42] INFO -   Epoch 5/5, Batch 300/469, Loss: 0.0306
[2026-05-31 21:57:32][2831a3eb][s42] INFO -   Epoch 5/5, Batch 350/469, Loss: 0.0303
[2026-05-31 21:57:33][2831a3eb][s42] INFO -   Epoch 5/5, Batch 400/469, Loss: 0.0300
[2026-05-31 21:57:34][2831a3eb][s42] INFO -   Epoch 5/5, Batch 450/469, Loss: 0.0301
[2026-05-31 21:57:36][2831a3eb][s42] INFO -   Epoch 5/5 complete, Avg Loss: 0.0299
[2026-05-31 21:57:36][2831a3eb][s42] INFO -   Task 5 took 87.5s
[2026-05-31 21:58:36][2831a3eb][s42] INFO -   Accuracies after task 5: T0=0.595, T1=0.648, T2=0.801, T3=0.871, T4=0.945, T5=0.977
[2026-05-31 21:58:36][2831a3eb][s42] INFO - After task 5: ACC=0.8061, BWT=-0.2051, FWT=0.0000
[2026-05-31 21:58:36][2831a3eb][s42] INFO - ============================================================
[2026-05-31 21:58:36][2831a3eb][s42] INFO - Task 6/9
[2026-05-31 21:58:36][2831a3eb][s42] INFO - ============================================================
[2026-05-31 21:58:41][2831a3eb][s42] INFO -   Epoch 1/5, Batch 50/469, Loss: 0.8029
[2026-05-31 21:58:42][2831a3eb][s42] INFO -   Epoch 1/5, Batch 100/469, Loss: 0.5362
[2026-05-31 21:58:43][2831a3eb][s42] INFO -   Epoch 1/5, Batch 150/469, Loss: 0.4322
[2026-05-31 21:58:44][2831a3eb][s42] INFO -   Epoch 1/5, Batch 200/469, Loss: 0.3716
[2026-05-31 21:58:44][2831a3eb][s42] INFO -   Epoch 1/5, Batch 250/469, Loss: 0.3298
[2026-05-31 21:58:45][2831a3eb][s42] INFO -   Epoch 1/5, Batch 300/469, Loss: 0.3009
[2026-05-31 21:58:46][2831a3eb][s42] INFO -   Epoch 1/5, Batch 350/469, Loss: 0.2775
[2026-05-31 21:58:47][2831a3eb][s42] INFO -   Epoch 1/5, Batch 400/469, Loss: 0.2577
[2026-05-31 21:58:48][2831a3eb][s42] INFO -   Epoch 1/5, Batch 450/469, Loss: 0.2431
[2026-05-31 21:58:49][2831a3eb][s42] INFO -   Epoch 1/5 complete, Avg Loss: 0.2385
[2026-05-31 21:58:58][2831a3eb][s42] INFO -   Epoch 2/5, Batch 50/469, Loss: 0.1035
[2026-05-31 21:58:58][2831a3eb][s42] INFO -   Epoch 2/5, Batch 100/469, Loss: 0.0979
[2026-05-31 21:58:59][2831a3eb][s42] INFO -   Epoch 2/5, Batch 150/469, Loss: 0.0969
[2026-05-31 21:59:00][2831a3eb][s42] INFO -   Epoch 2/5, Batch 200/469, Loss: 0.0965
[2026-05-31 21:59:00][2831a3eb][s42] INFO -   Epoch 2/5, Batch 250/469, Loss: 0.0959
[2026-05-31 21:59:01][2831a3eb][s42] INFO -   Epoch 2/5, Batch 300/469, Loss: 0.0937
[2026-05-31 21:59:02][2831a3eb][s42] INFO -   Epoch 2/5, Batch 350/469, Loss: 0.0928
[2026-05-31 21:59:02][2831a3eb][s42] INFO -   Epoch 2/5, Batch 400/469, Loss: 0.0905
[2026-05-31 21:59:03][2831a3eb][s42] INFO -   Epoch 2/5, Batch 450/469, Loss: 0.0887
[2026-05-31 21:59:04][2831a3eb][s42] INFO -   Epoch 2/5 complete, Avg Loss: 0.0884
[2026-05-31 21:59:09][2831a3eb][s42] INFO -   Epoch 3/5, Batch 50/469, Loss: 0.0593
[2026-05-31 21:59:10][2831a3eb][s42] INFO -   Epoch 3/5, Batch 100/469, Loss: 0.0595
[2026-05-31 21:59:11][2831a3eb][s42] INFO -   Epoch 3/5, Batch 150/469, Loss: 0.0584
[2026-05-31 21:59:11][2831a3eb][s42] INFO -   Epoch 3/5, Batch 200/469, Loss: 0.0590
[2026-05-31 21:59:12][2831a3eb][s42] INFO -   Epoch 3/5, Batch 250/469, Loss: 0.0585
[2026-05-31 21:59:13][2831a3eb][s42] INFO -   Epoch 3/5, Batch 300/469, Loss: 0.0600
[2026-05-31 21:59:13][2831a3eb][s42] INFO -   Epoch 3/5, Batch 350/469, Loss: 0.0598
[2026-05-31 21:59:14][2831a3eb][s42] INFO -   Epoch 3/5, Batch 400/469, Loss: 0.0594
[2026-05-31 21:59:15][2831a3eb][s42] INFO -   Epoch 3/5, Batch 450/469, Loss: 0.0587
[2026-05-31 21:59:16][2831a3eb][s42] INFO -   Epoch 3/5 complete, Avg Loss: 0.0588
[2026-05-31 21:59:23][2831a3eb][s42] INFO -   Epoch 4/5, Batch 50/469, Loss: 0.0456
[2026-05-31 21:59:23][2831a3eb][s42] INFO -   Epoch 4/5, Batch 100/469, Loss: 0.0397
[2026-05-31 21:59:24][2831a3eb][s42] INFO -   Epoch 4/5, Batch 150/469, Loss: 0.0401
[2026-05-31 21:59:25][2831a3eb][s42] INFO -   Epoch 4/5, Batch 200/469, Loss: 0.0404
[2026-05-31 21:59:26][2831a3eb][s42] INFO -   Epoch 4/5, Batch 250/469, Loss: 0.0411
[2026-05-31 21:59:27][2831a3eb][s42] INFO -   Epoch 4/5, Batch 300/469, Loss: 0.0415
[2026-05-31 21:59:28][2831a3eb][s42] INFO -   Epoch 4/5, Batch 350/469, Loss: 0.0417
[2026-05-31 21:59:29][2831a3eb][s42] INFO -   Epoch 4/5, Batch 400/469, Loss: 0.0421
[2026-05-31 21:59:30][2831a3eb][s42] INFO -   Epoch 4/5, Batch 450/469, Loss: 0.0416
[2026-05-31 21:59:32][2831a3eb][s42] INFO -   Epoch 4/5 complete, Avg Loss: 0.0421
[2026-05-31 21:59:40][2831a3eb][s42] INFO -   Epoch 5/5, Batch 50/469, Loss: 0.0312
[2026-05-31 21:59:41][2831a3eb][s42] INFO -   Epoch 5/5, Batch 100/469, Loss: 0.0297
[2026-05-31 21:59:42][2831a3eb][s42] INFO -   Epoch 5/5, Batch 150/469, Loss: 0.0302
[2026-05-31 21:59:43][2831a3eb][s42] INFO -   Epoch 5/5, Batch 200/469, Loss: 0.0306
[2026-05-31 21:59:44][2831a3eb][s42] INFO -   Epoch 5/5, Batch 250/469, Loss: 0.0305
[2026-05-31 21:59:45][2831a3eb][s42] INFO -   Epoch 5/5, Batch 300/469, Loss: 0.0308
[2026-05-31 21:59:46][2831a3eb][s42] INFO -   Epoch 5/5, Batch 350/469, Loss: 0.0305
[2026-05-31 21:59:47][2831a3eb][s42] INFO -   Epoch 5/5, Batch 400/469, Loss: 0.0303
[2026-05-31 21:59:47][2831a3eb][s42] INFO -   Epoch 5/5, Batch 450/469, Loss: 0.0306
[2026-05-31 21:59:49][2831a3eb][s42] INFO -   Epoch 5/5 complete, Avg Loss: 0.0306
[2026-05-31 21:59:49][2831a3eb][s42] INFO -   Task 6 took 73.1s
[2026-05-31 22:00:54][2831a3eb][s42] INFO -   Accuracies after task 6: T0=0.434, T1=0.518, T2=0.601, T3=0.785, T4=0.888, T5=0.928, T6=0.977
[2026-05-31 22:00:54][2831a3eb][s42] INFO - After task 6: ACC=0.7330, BWT=-0.2847, FWT=0.0000
[2026-05-31 22:00:54][2831a3eb][s42] INFO - ============================================================
[2026-05-31 22:00:54][2831a3eb][s42] INFO - Task 7/9
[2026-05-31 22:00:54][2831a3eb][s42] INFO - ============================================================
[2026-05-31 22:01:02][2831a3eb][s42] INFO -   Epoch 1/5, Batch 50/469, Loss: 0.6954
[2026-05-31 22:01:03][2831a3eb][s42] INFO -   Epoch 1/5, Batch 100/469, Loss: 0.4763
[2026-05-31 22:01:05][2831a3eb][s42] INFO -   Epoch 1/5, Batch 150/469, Loss: 0.3899
[2026-05-31 22:01:06][2831a3eb][s42] INFO -   Epoch 1/5, Batch 200/469, Loss: 0.3369
[2026-05-31 22:01:07][2831a3eb][s42] INFO -   Epoch 1/5, Batch 250/469, Loss: 0.3001
[2026-05-31 22:01:07][2831a3eb][s42] INFO -   Epoch 1/5, Batch 300/469, Loss: 0.2750
[2026-05-31 22:01:08][2831a3eb][s42] INFO -   Epoch 1/5, Batch 350/469, Loss: 0.2538
[2026-05-31 22:01:09][2831a3eb][s42] INFO -   Epoch 1/5, Batch 400/469, Loss: 0.2371
[2026-05-31 22:01:10][2831a3eb][s42] INFO -   Epoch 1/5, Batch 450/469, Loss: 0.2244
[2026-05-31 22:01:12][2831a3eb][s42] INFO -   Epoch 1/5 complete, Avg Loss: 0.2204
[2026-05-31 22:01:21][2831a3eb][s42] INFO -   Epoch 2/5, Batch 50/469, Loss: 0.0922
[2026-05-31 22:01:22][2831a3eb][s42] INFO -   Epoch 2/5, Batch 100/469, Loss: 0.0898
[2026-05-31 22:01:23][2831a3eb][s42] INFO -   Epoch 2/5, Batch 150/469, Loss: 0.0894
[2026-05-31 22:01:25][2831a3eb][s42] INFO -   Epoch 2/5, Batch 200/469, Loss: 0.0905
[2026-05-31 22:01:26][2831a3eb][s42] INFO -   Epoch 2/5, Batch 250/469, Loss: 0.0899
[2026-05-31 22:01:27][2831a3eb][s42] INFO -   Epoch 2/5, Batch 300/469, Loss: 0.0876
[2026-05-31 22:01:28][2831a3eb][s42] INFO -   Epoch 2/5, Batch 350/469, Loss: 0.0872
[2026-05-31 22:01:29][2831a3eb][s42] INFO -   Epoch 2/5, Batch 400/469, Loss: 0.0852
[2026-05-31 22:01:30][2831a3eb][s42] INFO -   Epoch 2/5, Batch 450/469, Loss: 0.0837
[2026-05-31 22:01:32][2831a3eb][s42] INFO -   Epoch 2/5 complete, Avg Loss: 0.0834
[2026-05-31 22:01:40][2831a3eb][s42] INFO -   Epoch 3/5, Batch 50/469, Loss: 0.0565
[2026-05-31 22:01:41][2831a3eb][s42] INFO -   Epoch 3/5, Batch 100/469, Loss: 0.0576
[2026-05-31 22:01:42][2831a3eb][s42] INFO -   Epoch 3/5, Batch 150/469, Loss: 0.0563
[2026-05-31 22:01:42][2831a3eb][s42] INFO -   Epoch 3/5, Batch 200/469, Loss: 0.0567
[2026-05-31 22:01:43][2831a3eb][s42] INFO -   Epoch 3/5, Batch 250/469, Loss: 0.0567
[2026-05-31 22:01:44][2831a3eb][s42] INFO -   Epoch 3/5, Batch 300/469, Loss: 0.0578
[2026-05-31 22:01:45][2831a3eb][s42] INFO -   Epoch 3/5, Batch 350/469, Loss: 0.0574
[2026-05-31 22:01:46][2831a3eb][s42] INFO -   Epoch 3/5, Batch 400/469, Loss: 0.0565
[2026-05-31 22:01:47][2831a3eb][s42] INFO -   Epoch 3/5, Batch 450/469, Loss: 0.0560
[2026-05-31 22:01:48][2831a3eb][s42] INFO -   Epoch 3/5 complete, Avg Loss: 0.0559
[2026-05-31 22:01:57][2831a3eb][s42] INFO -   Epoch 4/5, Batch 50/469, Loss: 0.0454
[2026-05-31 22:01:58][2831a3eb][s42] INFO -   Epoch 4/5, Batch 100/469, Loss: 0.0386
[2026-05-31 22:01:59][2831a3eb][s42] INFO -   Epoch 4/5, Batch 150/469, Loss: 0.0377
[2026-05-31 22:02:00][2831a3eb][s42] INFO -   Epoch 4/5, Batch 200/469, Loss: 0.0384
[2026-05-31 22:02:01][2831a3eb][s42] INFO -   Epoch 4/5, Batch 250/469, Loss: 0.0386
[2026-05-31 22:02:02][2831a3eb][s42] INFO -   Epoch 4/5, Batch 300/469, Loss: 0.0388
[2026-05-31 22:02:03][2831a3eb][s42] INFO -   Epoch 4/5, Batch 350/469, Loss: 0.0385
[2026-05-31 22:02:04][2831a3eb][s42] INFO -   Epoch 4/5, Batch 400/469, Loss: 0.0388
[2026-05-31 22:02:05][2831a3eb][s42] INFO -   Epoch 4/5, Batch 450/469, Loss: 0.0392
[2026-05-31 22:02:07][2831a3eb][s42] INFO -   Epoch 4/5 complete, Avg Loss: 0.0395
[2026-05-31 22:02:14][2831a3eb][s42] INFO -   Epoch 5/5, Batch 50/469, Loss: 0.0292
[2026-05-31 22:02:15][2831a3eb][s42] INFO -   Epoch 5/5, Batch 100/469, Loss: 0.0274
[2026-05-31 22:02:16][2831a3eb][s42] INFO -   Epoch 5/5, Batch 150/469, Loss: 0.0269
[2026-05-31 22:02:17][2831a3eb][s42] INFO -   Epoch 5/5, Batch 200/469, Loss: 0.0277
[2026-05-31 22:02:18][2831a3eb][s42] INFO -   Epoch 5/5, Batch 250/469, Loss: 0.0280
[2026-05-31 22:02:19][2831a3eb][s42] INFO -   Epoch 5/5, Batch 300/469, Loss: 0.0281
[2026-05-31 22:02:20][2831a3eb][s42] INFO -   Epoch 5/5, Batch 350/469, Loss: 0.0281
[2026-05-31 22:02:20][2831a3eb][s42] INFO -   Epoch 5/5, Batch 400/469, Loss: 0.0281
[2026-05-31 22:02:21][2831a3eb][s42] INFO -   Epoch 5/5, Batch 450/469, Loss: 0.0284
[2026-05-31 22:02:23][2831a3eb][s42] INFO -   Epoch 5/5 complete, Avg Loss: 0.0281
[2026-05-31 22:02:23][2831a3eb][s42] INFO -   Task 7 took 89.0s
[2026-05-31 22:03:43][2831a3eb][s42] INFO -   Accuracies after task 7: T0=0.347, T1=0.442, T2=0.512, T3=0.619, T4=0.756, T5=0.842, T6=0.936, T7=0.978
[2026-05-31 22:03:43][2831a3eb][s42] INFO - After task 7: ACC=0.6791, BWT=-0.3407, FWT=0.0000
[2026-05-31 22:03:43][2831a3eb][s42] INFO - ============================================================
[2026-05-31 22:03:43][2831a3eb][s42] INFO - Task 8/9
[2026-05-31 22:03:43][2831a3eb][s42] INFO - ============================================================
[2026-05-31 22:03:53][2831a3eb][s42] INFO -   Epoch 1/5, Batch 50/469, Loss: 0.8722
[2026-05-31 22:03:55][2831a3eb][s42] INFO -   Epoch 1/5, Batch 100/469, Loss: 0.5788
[2026-05-31 22:03:56][2831a3eb][s42] INFO -   Epoch 1/5, Batch 150/469, Loss: 0.4658
[2026-05-31 22:03:57][2831a3eb][s42] INFO -   Epoch 1/5, Batch 200/469, Loss: 0.3994
[2026-05-31 22:03:58][2831a3eb][s42] INFO -   Epoch 1/5, Batch 250/469, Loss: 0.3534
[2026-05-31 22:03:59][2831a3eb][s42] INFO -   Epoch 1/5, Batch 300/469, Loss: 0.3225
[2026-05-31 22:04:00][2831a3eb][s42] INFO -   Epoch 1/5, Batch 350/469, Loss: 0.2968
[2026-05-31 22:04:01][2831a3eb][s42] INFO -   Epoch 1/5, Batch 400/469, Loss: 0.2752
[2026-05-31 22:04:02][2831a3eb][s42] INFO -   Epoch 1/5, Batch 450/469, Loss: 0.2592
[2026-05-31 22:04:04][2831a3eb][s42] INFO -   Epoch 1/5 complete, Avg Loss: 0.2544
[2026-05-31 22:04:13][2831a3eb][s42] INFO -   Epoch 2/5, Batch 50/469, Loss: 0.1024
[2026-05-31 22:04:13][2831a3eb][s42] INFO -   Epoch 2/5, Batch 100/469, Loss: 0.1006
[2026-05-31 22:04:14][2831a3eb][s42] INFO -   Epoch 2/5, Batch 150/469, Loss: 0.0994
[2026-05-31 22:04:15][2831a3eb][s42] INFO -   Epoch 2/5, Batch 200/469, Loss: 0.0989
[2026-05-31 22:04:15][2831a3eb][s42] INFO -   Epoch 2/5, Batch 250/469, Loss: 0.0981
[2026-05-31 22:04:16][2831a3eb][s42] INFO -   Epoch 2/5, Batch 300/469, Loss: 0.0961
[2026-05-31 22:04:17][2831a3eb][s42] INFO -   Epoch 2/5, Batch 350/469, Loss: 0.0951
[2026-05-31 22:04:17][2831a3eb][s42] INFO -   Epoch 2/5, Batch 400/469, Loss: 0.0926
[2026-05-31 22:04:18][2831a3eb][s42] INFO -   Epoch 2/5, Batch 450/469, Loss: 0.0909
[2026-05-31 22:04:20][2831a3eb][s42] INFO -   Epoch 2/5 complete, Avg Loss: 0.0908
[2026-05-31 22:04:25][2831a3eb][s42] INFO -   Epoch 3/5, Batch 50/469, Loss: 0.0658
[2026-05-31 22:04:26][2831a3eb][s42] INFO -   Epoch 3/5, Batch 100/469, Loss: 0.0640
[2026-05-31 22:04:27][2831a3eb][s42] INFO -   Epoch 3/5, Batch 150/469, Loss: 0.0618
[2026-05-31 22:04:27][2831a3eb][s42] INFO -   Epoch 3/5, Batch 200/469, Loss: 0.0625
[2026-05-31 22:04:28][2831a3eb][s42] INFO -   Epoch 3/5, Batch 250/469, Loss: 0.0623
[2026-05-31 22:04:29][2831a3eb][s42] INFO -   Epoch 3/5, Batch 300/469, Loss: 0.0634
[2026-05-31 22:04:30][2831a3eb][s42] INFO -   Epoch 3/5, Batch 350/469, Loss: 0.0626
[2026-05-31 22:04:31][2831a3eb][s42] INFO -   Epoch 3/5, Batch 400/469, Loss: 0.0625
[2026-05-31 22:04:31][2831a3eb][s42] INFO -   Epoch 3/5, Batch 450/469, Loss: 0.0617
[2026-05-31 22:04:33][2831a3eb][s42] INFO -   Epoch 3/5 complete, Avg Loss: 0.0616
[2026-05-31 22:04:40][2831a3eb][s42] INFO -   Epoch 4/5, Batch 50/469, Loss: 0.0478
[2026-05-31 22:04:42][2831a3eb][s42] INFO -   Epoch 4/5, Batch 100/469, Loss: 0.0424
[2026-05-31 22:04:43][2831a3eb][s42] INFO -   Epoch 4/5, Batch 150/469, Loss: 0.0434
[2026-05-31 22:04:44][2831a3eb][s42] INFO -   Epoch 4/5, Batch 200/469, Loss: 0.0430
[2026-05-31 22:04:45][2831a3eb][s42] INFO -   Epoch 4/5, Batch 250/469, Loss: 0.0436
[2026-05-31 22:04:46][2831a3eb][s42] INFO -   Epoch 4/5, Batch 300/469, Loss: 0.0439
[2026-05-31 22:04:46][2831a3eb][s42] INFO -   Epoch 4/5, Batch 350/469, Loss: 0.0439
[2026-05-31 22:04:47][2831a3eb][s42] INFO -   Epoch 4/5, Batch 400/469, Loss: 0.0443
[2026-05-31 22:04:47][2831a3eb][s42] INFO -   Epoch 4/5, Batch 450/469, Loss: 0.0445
[2026-05-31 22:04:49][2831a3eb][s42] INFO -   Epoch 4/5 complete, Avg Loss: 0.0446
[2026-05-31 22:04:55][2831a3eb][s42] INFO -   Epoch 5/5, Batch 50/469, Loss: 0.0309
[2026-05-31 22:04:56][2831a3eb][s42] INFO -   Epoch 5/5, Batch 100/469, Loss: 0.0315
[2026-05-31 22:04:57][2831a3eb][s42] INFO -   Epoch 5/5, Batch 150/469, Loss: 0.0315
[2026-05-31 22:04:58][2831a3eb][s42] INFO -   Epoch 5/5, Batch 200/469, Loss: 0.0322
[2026-05-31 22:04:59][2831a3eb][s42] INFO -   Epoch 5/5, Batch 250/469, Loss: 0.0325
[2026-05-31 22:05:01][2831a3eb][s42] INFO -   Epoch 5/5, Batch 300/469, Loss: 0.0325
[2026-05-31 22:05:01][2831a3eb][s42] INFO -   Epoch 5/5, Batch 350/469, Loss: 0.0324
[2026-05-31 22:05:02][2831a3eb][s42] INFO -   Epoch 5/5, Batch 400/469, Loss: 0.0321
[2026-05-31 22:05:03][2831a3eb][s42] INFO -   Epoch 5/5, Batch 450/469, Loss: 0.0326
[2026-05-31 22:05:04][2831a3eb][s42] INFO -   Epoch 5/5 complete, Avg Loss: 0.0324
[2026-05-31 22:05:04][2831a3eb][s42] INFO -   Task 8 took 80.9s
[2026-05-31 22:06:09][2831a3eb][s42] INFO -   Accuracies after task 8: T0=0.346, T1=0.400, T2=0.493, T3=0.434, T4=0.609, T5=0.644, T6=0.829, T7=0.941, T8=0.976
[2026-05-31 22:06:09][2831a3eb][s42] INFO - After task 8: ACC=0.6300, BWT=-0.3904, FWT=0.0000
[2026-05-31 22:06:09][2831a3eb][s42] INFO - ============================================================
[2026-05-31 22:06:09][2831a3eb][s42] INFO - Task 9/9
[2026-05-31 22:06:09][2831a3eb][s42] INFO - ============================================================
[2026-05-31 22:06:16][2831a3eb][s42] INFO -   Epoch 1/5, Batch 50/469, Loss: 0.7879
[2026-05-31 22:06:16][2831a3eb][s42] INFO -   Epoch 1/5, Batch 100/469, Loss: 0.5369
[2026-05-31 22:06:17][2831a3eb][s42] INFO -   Epoch 1/5, Batch 150/469, Loss: 0.4343
[2026-05-31 22:06:18][2831a3eb][s42] INFO -   Epoch 1/5, Batch 200/469, Loss: 0.3747
[2026-05-31 22:06:19][2831a3eb][s42] INFO -   Epoch 1/5, Batch 250/469, Loss: 0.3330
[2026-05-31 22:06:20][2831a3eb][s42] INFO -   Epoch 1/5, Batch 300/469, Loss: 0.3035
[2026-05-31 22:06:20][2831a3eb][s42] INFO -   Epoch 1/5, Batch 350/469, Loss: 0.2798
[2026-05-31 22:06:21][2831a3eb][s42] INFO -   Epoch 1/5, Batch 400/469, Loss: 0.2604
[2026-05-31 22:06:21][2831a3eb][s42] INFO -   Epoch 1/5, Batch 450/469, Loss: 0.2452
[2026-05-31 22:06:23][2831a3eb][s42] INFO -   Epoch 1/5 complete, Avg Loss: 0.2410
[2026-05-31 22:06:30][2831a3eb][s42] INFO -   Epoch 2/5, Batch 50/469, Loss: 0.0941
[2026-05-31 22:06:30][2831a3eb][s42] INFO -   Epoch 2/5, Batch 100/469, Loss: 0.0930
[2026-05-31 22:06:31][2831a3eb][s42] INFO -   Epoch 2/5, Batch 150/469, Loss: 0.0925
[2026-05-31 22:06:32][2831a3eb][s42] INFO -   Epoch 2/5, Batch 200/469, Loss: 0.0926
[2026-05-31 22:06:32][2831a3eb][s42] INFO -   Epoch 2/5, Batch 250/469, Loss: 0.0934
[2026-05-31 22:06:33][2831a3eb][s42] INFO -   Epoch 2/5, Batch 300/469, Loss: 0.0918
[2026-05-31 22:06:34][2831a3eb][s42] INFO -   Epoch 2/5, Batch 350/469, Loss: 0.0911
[2026-05-31 22:06:34][2831a3eb][s42] INFO -   Epoch 2/5, Batch 400/469, Loss: 0.0890
[2026-05-31 22:06:35][2831a3eb][s42] INFO -   Epoch 2/5, Batch 450/469, Loss: 0.0877
[2026-05-31 22:06:36][2831a3eb][s42] INFO -   Epoch 2/5 complete, Avg Loss: 0.0874
[2026-05-31 22:06:41][2831a3eb][s42] INFO -   Epoch 3/5, Batch 50/469, Loss: 0.0616
[2026-05-31 22:06:42][2831a3eb][s42] INFO -   Epoch 3/5, Batch 100/469, Loss: 0.0618
[2026-05-31 22:06:43][2831a3eb][s42] INFO -   Epoch 3/5, Batch 150/469, Loss: 0.0595
[2026-05-31 22:06:43][2831a3eb][s42] INFO -   Epoch 3/5, Batch 200/469, Loss: 0.0596
[2026-05-31 22:06:44][2831a3eb][s42] INFO -   Epoch 3/5, Batch 250/469, Loss: 0.0586
[2026-05-31 22:06:44][2831a3eb][s42] INFO -   Epoch 3/5, Batch 300/469, Loss: 0.0595
[2026-05-31 22:06:45][2831a3eb][s42] INFO -   Epoch 3/5, Batch 350/469, Loss: 0.0590
[2026-05-31 22:06:46][2831a3eb][s42] INFO -   Epoch 3/5, Batch 400/469, Loss: 0.0583
[2026-05-31 22:06:46][2831a3eb][s42] INFO -   Epoch 3/5, Batch 450/469, Loss: 0.0573
[2026-05-31 22:06:47][2831a3eb][s42] INFO -   Epoch 3/5 complete, Avg Loss: 0.0572
[2026-05-31 22:06:55][2831a3eb][s42] INFO -   Epoch 4/5, Batch 50/469, Loss: 0.0444
[2026-05-31 22:06:55][2831a3eb][s42] INFO -   Epoch 4/5, Batch 100/469, Loss: 0.0393
[2026-05-31 22:06:56][2831a3eb][s42] INFO -   Epoch 4/5, Batch 150/469, Loss: 0.0396
[2026-05-31 22:06:57][2831a3eb][s42] INFO -   Epoch 4/5, Batch 200/469, Loss: 0.0403
[2026-05-31 22:06:57][2831a3eb][s42] INFO -   Epoch 4/5, Batch 250/469, Loss: 0.0406
[2026-05-31 22:06:59][2831a3eb][s42] INFO -   Epoch 4/5, Batch 300/469, Loss: 0.0407
[2026-05-31 22:07:00][2831a3eb][s42] INFO -   Epoch 4/5, Batch 350/469, Loss: 0.0404
[2026-05-31 22:07:01][2831a3eb][s42] INFO -   Epoch 4/5, Batch 400/469, Loss: 0.0409
[2026-05-31 22:07:02][2831a3eb][s42] INFO -   Epoch 4/5, Batch 450/469, Loss: 0.0407
[2026-05-31 22:07:04][2831a3eb][s42] INFO -   Epoch 4/5 complete, Avg Loss: 0.0409
[2026-05-31 22:07:11][2831a3eb][s42] INFO -   Epoch 5/5, Batch 50/469, Loss: 0.0289
[2026-05-31 22:07:11][2831a3eb][s42] INFO -   Epoch 5/5, Batch 100/469, Loss: 0.0284
[2026-05-31 22:07:12][2831a3eb][s42] INFO -   Epoch 5/5, Batch 150/469, Loss: 0.0281
[2026-05-31 22:07:12][2831a3eb][s42] INFO -   Epoch 5/5, Batch 200/469, Loss: 0.0285
[2026-05-31 22:07:13][2831a3eb][s42] INFO -   Epoch 5/5, Batch 250/469, Loss: 0.0288
[2026-05-31 22:07:14][2831a3eb][s42] INFO -   Epoch 5/5, Batch 300/469, Loss: 0.0290
[2026-05-31 22:07:14][2831a3eb][s42] INFO -   Epoch 5/5, Batch 350/469, Loss: 0.0284
[2026-05-31 22:07:15][2831a3eb][s42] INFO -   Epoch 5/5, Batch 400/469, Loss: 0.0282
[2026-05-31 22:07:16][2831a3eb][s42] INFO -   Epoch 5/5, Batch 450/469, Loss: 0.0287
[2026-05-31 22:07:17][2831a3eb][s42] INFO -   Epoch 5/5 complete, Avg Loss: 0.0287
[2026-05-31 22:07:17][2831a3eb][s42] INFO -   Task 9 took 67.3s
[2026-05-31 22:08:32][2831a3eb][s42] INFO -   Accuracies after task 9: T0=0.262, T1=0.215, T2=0.370, T3=0.301, T4=0.505, T5=0.490, T6=0.564, T7=0.878, T8=0.926, T9=0.977
[2026-05-31 22:08:32][2831a3eb][s42] INFO - After task 9: ACC=0.5488, BWT=-0.4757, FWT=0.0000
[2026-05-31 22:08:32][2831a3eb][s42] INFO - Results saved to results\perm_mnist_finetune_s42\results.json
[2026-05-31 22:08:34][2831a3eb][s42] INFO - Experiment complete in 1221.2s
[2026-05-31 22:08:34][2831a3eb][s42] INFO - Final ACC=0.5488, BWT=-0.4757
